// Jest Snapshot v1, https://goo.gl/fbAQLP

exports[`Test details screen Matches screen Snapshot 1`] = `
<View
  style={
    {
      "flexDirection": "column",
      "justifyContent": "center",
      "marginTop": 40,
    }
  }
>
  <View
    style={
      {
        "marginBottom": 40,
      }
    }
  >
    <Text
      style={
        {
          "fontSize": 28,
          "fontWeight": "700",
          "textAlign": "center",
        }
      }
    >
      Job Richie
    </Text>
    <Text
      style={
        {
          "fontSize": 24,
          "textAlign": "center",
        }
      }
    >
      Home
      ,
      Rome
    </Text>
  </View>
  <View
    style={
      [
        {
          "flexDirection": "row",
        },
        {
          "marginBottom": 20,
          "marginHorizontal": 8,
        },
      ]
    }
  >
    <View
      style={
        {
          "alignItems": "flex-start",
          "flex": 1,
        }
      }
    >
      <Text
        style={
          {
            "fontSize": 22,
          }
        }
      >
        Opening Hours
        :
      </Text>
    </View>
    <View
      style={
        {
          "alignItems": "flex-start",
          "flex": 1,
        }
      }
    >
      <Text
        style={
          {
            "fontSize": 22,
          }
        }
      >
         
        9:00AM
      </Text>
    </View>
  </View>
  <View
    style={
      [
        {
          "flexDirection": "row",
        },
        {
          "marginBottom": 20,
          "marginHorizontal": 8,
        },
      ]
    }
  >
    <View
      style={
        {
          "alignItems": "flex-start",
          "flex": 1,
        }
      }
    >
      <Text
        style={
          {
            "fontSize": 22,
          }
        }
      >
        Operator
        :
      </Text>
    </View>
    <View
      style={
        {
          "alignItems": "flex-start",
          "flex": 1,
        }
      }
    >
      <Text
        style={
          {
            "fontSize": 22,
          }
        }
      >
         
        Jack Mack Shell
      </Text>
    </View>
  </View>
  <View
    style={
      [
        {
          "flexDirection": "row",
        },
        {
          "marginBottom": 20,
          "marginHorizontal": 8,
        },
      ]
    }
  >
    <View
      style={
        {
          "alignItems": "flex-start",
          "flex": 1,
        }
      }
    >
      <Text
        style={
          {
            "fontSize": 22,
          }
        }
      >
        Parking Access
        :
      </Text>
    </View>
    <View
      style={
        {
          "alignItems": "flex-start",
          "flex": 1,
        }
      }
    >
      <Text
        style={
          {
            "fontSize": 22,
          }
        }
      >
         
        True
      </Text>
    </View>
  </View>
  <View
    style={
      [
        {
          "flexDirection": "row",
        },
        {
          "marginBottom": 20,
          "marginHorizontal": 8,
        },
      ]
    }
  >
    <View
      style={
        {
          "alignItems": "flex-start",
          "flex": 1,
        }
      }
    >
      <Text
        style={
          {
            "fontSize": 22,
          }
        }
      >
        Status
        :
      </Text>
    </View>
    <View
      style={
        {
          "alignItems": "flex-start",
          "flex": 1,
        }
      }
    >
      <Text
        style={
          {
            "fontSize": 22,
          }
        }
      >
         
        Available
      </Text>
    </View>
  </View>
</View>
`;
