// Jest Snapshot v1, https://goo.gl/fbAQLP

exports[`Testing rendering Item Matches Header Snapshot 1`] = `
<View
  accessibilityState={
    {
      "busy": undefined,
      "checked": undefined,
      "disabled": undefined,
      "expanded": undefined,
      "selected": undefined,
    }
  }
  accessibilityValue={
    {
      "max": undefined,
      "min": undefined,
      "now": undefined,
      "text": undefined,
    }
  }
  accessible={true}
  collapsable={false}
  focusable={true}
  onClick={[Function]}
  onResponderGrant={[Function]}
  onResponderMove={[Function]}
  onResponderRelease={[Function]}
  onResponderTerminate={[Function]}
  onResponderTerminationRequest={[Function]}
  onStartShouldSetResponder={[Function]}
  style={
    {
      "opacity": 1,
    }
  }
>
  <View
    style={
      {
        "flexDirection": "row",
        "marginVertical": 12,
      }
    }
  >
    <View
      style={
        {
          "alignItems": "flex-start",
          "flex": 1,
          "marginLeft": 8,
        }
      }
    >
      <Text
        style={
          {
            "fontSize": 22,
          }
        }
      >
        Harry
      </Text>
    </View>
    <View
      style={
        {
          "alignItems": "flex-start",
          "flex": 1,
          "marginLeft": 8,
        }
      }
    >
      <Text
        style={
          {
            "fontSize": 22,
          }
        }
      >
         
        Available
      </Text>
    </View>
  </View>
</View>
`;
